#doctest-0_add.py
""" Attempting to test doing TDD to add 2 integers """


>>> add_integer = __import__('0-add_integer').add_integer

>>> add_integer(1, 2)
3

>>> add_integer(0, 2)
2

>>> add_integer(1)
99

>>> add_integer(-1)
97

>>> add_integer(-1, 99)
98

>>> add_integer(1.11)
99

>>> add_integer()
Traceback (most recent call last):
<<<<<<< HEAD:0x07-python-test_driven_development/tests/0-add_integer.txt
...
TypeError: add_integer() missing 1 required positional argument: 'a'
=======
>>>>>>> db866b9a20af83d31079652a9f0f779fac12d7d8:0x07-python-test_driven_development/test/0-add_integer.txt
